[2026-02-19 01:01:38] [INFO] ================================================================================
[2026-02-19 01:01:38] [INFO] STEP 3: MATCH DEALS TO FILINGS
[2026-02-19 01:01:38] [INFO] ================================================================================
[2026-02-19 01:01:38] [INFO] Loading data...
[2026-02-19 01:01:38] [INFO]   → Input rows (with CIK candidates): 6277
[2026-02-19 01:01:38] [INFO]   → Unique logical deals: 5752
[2026-02-19 01:01:38] [INFO]   → EDGAR filings: 29646
[2026-02-19 01:01:38] [INFO] Matching deals to filings with lag_min = 90 days...
[2026-02-19 01:01:38] [INFO] Processing all CIK candidates for each deal...

[2026-02-19 01:02:01] [INFO] 
Matching complete. Now deduplicating to one row per deal...
[2026-02-19 01:02:01] [INFO] 
Applying 'first valid CIK wins' deduplication...
[2026-02-19 01:02:01] [INFO]   ✓ Deduplication successful: 5752 rows (one per deal)
[2026-02-19 01:02:01] [INFO]   → Removed 525 CIK candidate rows
[2026-02-19 01:02:01] [INFO] 
Match statistics:
[2026-02-19 01:02:01] [INFO]   → matched: 4577 (79.6%)
[2026-02-19 01:02:01] [INFO]   → no_valid_filing: 1175 (20.4%)
[2026-02-19 01:02:01] [INFO] 
Matched deals statistics:
[2026-02-19 01:02:01] [INFO]   → Mean lag: 289.4 days
[2026-02-19 01:02:01] [INFO]   → Median lag: 270 days
[2026-02-19 01:02:01] [INFO]   → Min lag: 90 days
[2026-02-19 01:02:01] [INFO]   → Max lag: 4431 days
[2026-02-19 01:02:01] [INFO] 
Validation checks:
[2026-02-19 01:02:01] [INFO]   ✓ One row per logical deal
[2026-02-19 01:02:01] [INFO]   ✓ All 5752 deals preserved
[2026-02-19 01:02:01] [INFO]   ✓ All matched deals have lag >= 90 days
[2026-02-19 01:02:01] [INFO]   ✓ All filing dates are before announcement dates
[2026-02-19 01:02:01] [INFO] 
Saving matched deals...
[2026-02-19 01:02:01] [INFO] Saved: C:/Users/giuse/Documents/GitHub/mna-disclosure/data/interim/deals_filing_matched.rds (0.84 MB)
[2026-02-19 01:02:01] [INFO] 
Preparing unique filings list for extraction...
[2026-02-19 01:02:01] [INFO]   → Matched deals: 4577
[2026-02-19 01:02:01] [INFO]   → Unique filings to extract: 4280
[2026-02-19 01:02:01] [INFO]   → Deals sharing a filing: 297 (same company, multiple deals)
[2026-02-19 01:02:01] [INFO]   → Saved: C:/Users/giuse/Documents/GitHub/mna-disclosure/data/interim/filings_to_download.rds
[2026-02-19 01:02:01] [INFO] ================================================================================
[2026-02-19 01:02:01] [INFO] STEP 3 COMPLETE
[2026-02-19 01:02:01] [INFO] ================================================================================
[2026-02-19 01:02:01] [INFO] Output: C:/Users/giuse/Documents/GitHub/mna-disclosure/data/interim/deals_filing_matched.rds
[2026-02-19 01:02:01] [INFO] Deals: 5752 (one row per deal)
[2026-02-19 01:02:01] [INFO] Matched: 4577 (79.6%)
[2026-02-19 01:02:01] [INFO] Unique filings to extract: 4280
[2026-02-19 01:02:01] [INFO] 
Next step: Run 04_ingest_download_10k_filings.R
