====================================================================== 
PIPELINE STEP 15: 15_descriptive_analysis
Started: 2026-02-19 02:09:27.875074 
Source: src/30_nlp/New Pipeline/05_descriptive_analysis_v3.R 
====================================================================== 

=== MODULE 5: DESCRIPTIVE ANALYSIS (v3) ===
  - Rows:  4186  | Cols:  25 

BLOCK 1: Summary statistics...

BLOCK 1B: Signal attenuation diagnostics...
  - Key diagnostics:
    operational_specificity_raw    zeros=0.0% sd=21.0642 within_sd=14.7089 cv=0.327
    fl_sentence_share              zeros=0.2% sd=0.0409 within_sd=0.0335 cv=0.486
    fl_precision_share             zeros=1.0% sd=0.1989 within_sd=0.1778 cv=0.401
    commitment_density             zeros=0.3% sd=0.9970 within_sd=0.8397 cv=0.467
    hedging_density                zeros=0.0% sd=1.6787 within_sd=1.1599 cv=0.428
    risk_transparency              zeros=0.0% sd=0.1911 within_sd=0.1262 cv=0.340
    risk_disclosure_raw            zeros=0.0% sd=9.4920 within_sd=7.4706 cv=0.137
    risk_numeric_density           zeros=0.0% sd=6.6305 within_sd=4.4042 cv=0.660
    tone_lm                        zeros=0.4% sd=0.2164 within_sd=0.1811 cv=0.543
    pos_density                    zeros=0.2% sd=2.0919 within_sd=1.7218 cv=0.409
    neg_density                    zeros=0.0% sd=5.3808 within_sd=3.8254 cv=0.425

BLOCK 2: Plotting...

BLOCK 3: Correlations...

BLOCK 4: Industry ANOVA...

BLOCK 5: Time trends...

=== MODULE 5 COMPLETE (v3) ===

====================================================================== 
Completed: 2026-02-19 02:09:31.34135 
Log saved: C:/Users/giuse/Documents/GitHub/mna-disclosure/logs/15_descriptive_analysis_20260219_020927.log 
====================================================================== 
