====================================================================== 
PIPELINE STEP 16: 16_processing_costs
Started: 2026-02-19 02:09:31.343772 
Source: src/30_nlp/New Pipeline/06_processing_costs_v4.R 
====================================================================== 

=== MODULE 7: PROCESSING COSTS (v4) ===

BLOCK 1: Loading cleaned text...
  - 4186 documents

  - Word count source: wc_alpha (v3)

BLOCK 2: Computing readability (quanteda.textstats)...
  - Using case-preserved text (mda_clean_cased)
  - MD&A  Fog: mean=21.78 | sd=1.75 | NAs=0
  - MD&A  FK:  mean=17.65 | sd=1.65
  - Risk  Fog: mean=22.53 | sd=1.52
  - Risk  FK:  mean=18.59 | sd=1.43

  Sanity OK: Fog mean 21.8 is in plausible range.

BLOCK 3: Computing volume measures...
  - MD&A  log(length): mean=9.16 | sd=0.49
  - Risk  log(length): mean=8.94 | sd=0.68

BLOCK 4: Assembling output...
  - Saved: C:/Users/giuse/Documents/GitHub/mna-disclosure/data/interim/processing_costs.rds (4186 obs × 9 vars)

BLOCK 5: Writing report...
  - Report: C:/Users/giuse/Documents/GitHub/mna-disclosure/reports/07_processing_costs_report.md

=== MODULE 7 COMPLETE (v4) ===

====================================================================== 
Completed: 2026-02-19 02:12:59.570542 
Log saved: C:/Users/giuse/Documents/GitHub/mna-disclosure/logs/16_processing_costs_20260219_020931.log 
====================================================================== 
